[induyst-demo.pbminfotech.com/html-demo/index.html]
[backblue.gif]
[fade.gif]
[index.html]
[induyst-demo.pbminfotech.com/html-demo/images/fevicon.png]
[induyst-demo.pbminfotech.com/html-demo/css/bootstrap.min.css]
[induyst-demo.pbminfotech.com/html-demo/css/fontawesome.css]
[induyst-demo.pbminfotech.com/html-demo/fonts/pbmit-induyst-icon/pbmit_induyst.css]
[induyst-demo.pbminfotech.com/html-demo/css/pbminfotech-base-icons.css]
[induyst-demo.pbminfotech.com/html-demo/css/themify-icons.css]
[induyst-demo.pbminfotech.com/html-demo/css/swiper.min.css]
[induyst-demo.pbminfotech.com/html-demo/css/magnific-popup.css]
[induyst-demo.pbminfotech.com/html-demo/css/aos.css]
[induyst-demo.pbminfotech.com/html-demo/css/shortcode.css]
[induyst-demo.pbminfotech.com/html-demo/css/base.css]
[induyst-demo.pbminfotech.com/html-demo/css/style.css]
[induyst-demo.pbminfotech.com/html-demo/css/responsive.css]
[induyst-demo.pbminfotech.com/html-demo/index-2.html]
[induyst-demo.pbminfotech.com/html-demo/images/logo-white.svg]
[induyst-demo.pbminfotech.com/html-demo/images/logo.svg]
[induyst-demo.pbminfotech.com/html-demo/contact-us.html]
[induyst-demo.pbminfotech.com/html-demo/homepage-2.html]
[induyst-demo.pbminfotech.com/html-demo/about-us.html]
[induyst-demo.pbminfotech.com/html-demo/our-history.html]
[induyst-demo.pbminfotech.com/html-demo/our-team.html]
[induyst-demo.pbminfotech.com/html-demo/team-member-detail.html]
[induyst-demo.pbminfotech.com/html-demo/faq.html]
[induyst-demo.pbminfotech.com/html-demo/services.html]
[induyst-demo.pbminfotech.com/html-demo/service-details.html]
[induyst-demo.pbminfotech.com/html-demo/portfolio-m-grid-col-2.html]
[induyst-demo.pbminfotech.com/html-demo/portfolio-m-grid-col-3.html]
[induyst-demo.pbminfotech.com/html-demo/portfolio-m-grid-col-4.html]
[induyst-demo.pbminfotech.com/html-demo/portfolio-m-grid-wide.html]
[induyst-demo.pbminfotech.com/html-demo/portfolio-grid-col-2.html]
[induyst-demo.pbminfotech.com/html-demo/portfolio-grid-col-3.html]
[induyst-demo.pbminfotech.com/html-demo/portfolio-grid-col-4.html]
[induyst-demo.pbminfotech.com/html-demo/portfolio-grid-no-gap.html]
[induyst-demo.pbminfotech.com/html-demo/portfolio-sortable-grid-col-2.html]
[induyst-demo.pbminfotech.com/html-demo/portfolio-sortable-grid-col-3.html]
[induyst-demo.pbminfotech.com/html-demo/portfolio-sortable-grid-col-4.html]
[induyst-demo.pbminfotech.com/html-demo/portfolio-detail-style-01.html]
[induyst-demo.pbminfotech.com/html-demo/portfolio-detail-style-02.html]
[induyst-demo.pbminfotech.com/html-demo/blog-m-grid-col-2.html]
[induyst-demo.pbminfotech.com/html-demo/blog-m-grid-col-3.html]
[induyst-demo.pbminfotech.com/html-demo/blog-m-grid-col-4.html]
[induyst-demo.pbminfotech.com/html-demo/blog-masonry-wide.html]
[induyst-demo.pbminfotech.com/html-demo/blog-grid-col-3.html]
[induyst-demo.pbminfotech.com/html-demo/blog-grid-col-4.html]
[induyst-demo.pbminfotech.com/html-demo/blog-sortable-grid-view.html]
[induyst-demo.pbminfotech.com/html-demo/blog-classic.html]
[induyst-demo.pbminfotech.com/html-demo/blog-single-details.html]
[induyst-demo.pbminfotech.com/html-demo/images/banner-slider-img/slider1-01.jpg]
[induyst-demo.pbminfotech.com/html-demo/images/banner-slider-img/slider1-02.jpg]
[induyst-demo.pbminfotech.com/html-demo/images/banner-slider-img/slider1-03.jpg]
[induyst-demo.pbminfotech.com/html-demo/images/homepage-1/service/service-img-01.jpg]
[induyst-demo.pbminfotech.com/html-demo/images/homepage-1/service/service-img-02.jpg]
[induyst-demo.pbminfotech.com/html-demo/images/homepage-1/service/service-img-03.jpg]
[induyst-demo.pbminfotech.com/html-demo/images/homepage-1/service/service-img-04.jpg]
[induyst-demo.pbminfotech.com/html-demo/images/homepage-1/service/service-img-05.jpg]
[induyst-demo.pbminfotech.com/html-demo/images/homepage-1/service/service-img-06.jpg]
[induyst-demo.pbminfotech.com/html-demo/images/homepage-1/team/team-img-01.jpg]
[induyst-demo.pbminfotech.com/html-demo/images/homepage-1/team/team-img-02.jpg]
[induyst-demo.pbminfotech.com/html-demo/images/homepage-1/team/team-img-03.jpg]
[induyst-demo.pbminfotech.com/html-demo/images/homepage-1/team/team-img-04.jpg]
[induyst-demo.pbminfotech.com/html-demo/images/homepage-1/team/team-img-05.jpg]
[induyst-demo.pbminfotech.com/html-demo/images/homepage-1/team/team-img-06.jpg]
[induyst-demo.pbminfotech.com/html-demo/images/client/client-01-hover.png]
[induyst-demo.pbminfotech.com/html-demo/images/client/client-01.png]
[induyst-demo.pbminfotech.com/html-demo/images/client/client-02-hover.png]
[induyst-demo.pbminfotech.com/html-demo/images/client/client-02.png]
[induyst-demo.pbminfotech.com/html-demo/images/client/client-03-hover.png]
[induyst-demo.pbminfotech.com/html-demo/images/client/client-03.png]
[induyst-demo.pbminfotech.com/html-demo/images/client/client-04-hover.png]
[induyst-demo.pbminfotech.com/html-demo/images/client/client-04.png]
[induyst-demo.pbminfotech.com/html-demo/images/ratting.png]
[induyst-demo.pbminfotech.com/html-demo/images/homepage-1/testimonial/testimonial-img-01.jpg]
[induyst-demo.pbminfotech.com/html-demo/images/homepage-1/testimonial/testimonial-img-02.jpg]
[induyst-demo.pbminfotech.com/html-demo/images/homepage-1/testimonial/testimonial-img-03.jpg]
[induyst-demo.pbminfotech.com/html-demo/images/homepage-1/blog/blog-img-01.jpg]
[induyst-demo.pbminfotech.com/cdn-cgi/scripts/5c5dd728/cloudflare-static/email-decode.min.js]
[induyst-demo.pbminfotech.com/html-demo/js/jquery.min.js]
[induyst-demo.pbminfotech.com/html-demo/js/popper.min.js]
[induyst-demo.pbminfotech.com/html-demo/js/bootstrap.min.js]
[induyst-demo.pbminfotech.com/html-demo/js/jquery.waypoints.min.js]
[induyst-demo.pbminfotech.com/html-demo/js/jquery.appear.js]
[induyst-demo.pbminfotech.com/html-demo/js/numinate.min.js]
[induyst-demo.pbminfotech.com/html-demo/js/swiper.min.js]
[induyst-demo.pbminfotech.com/html-demo/js/jquery.magnific-popup.min.js]
[induyst-demo.pbminfotech.com/html-demo/js/circle-progress.js]
[induyst-demo.pbminfotech.com/html-demo/js/jquery.countdown.min.js]
[induyst-demo.pbminfotech.com/html-demo/js/aos.js]
[induyst-demo.pbminfotech.com/html-demo/js/gsap.js]
[induyst-demo.pbminfotech.com/html-demo/js/ScrollTrigger.js]
[induyst-demo.pbminfotech.com/html-demo/js/SplitText.js]
[induyst-demo.pbminfotech.com/html-demo/js/theia-sticky-sidebar.js]
[induyst-demo.pbminfotech.com/html-demo/js/gsap-animation.js]
[induyst-demo.pbminfotech.com/html-demo/js/scripts.js]
[induyst-demo.pbminfotech.com/html-demo/index.html]
[induyst-demo.pbminfotech.com/html-demo/css/bootstrap.min.css]
[induyst-demo.pbminfotech.com/cdn-cgi/challenge-platform/h/b/scripts/jsd/0b8fb825cb67/maind41d.js]
[induyst-demo.pbminfotech.com/html-demo/fonts/fontawesome-webfont3e6e.eot]
[induyst-demo.pbminfotech.com/html-demo/fonts/fontawesome-webfontd41d.eot]
[induyst-demo.pbminfotech.com/html-demo/fonts/fontawesome-webfont3e6e.woff2]
[induyst-demo.pbminfotech.com/html-demo/fonts/fontawesome-webfont3e6e.woff]
[induyst-demo.pbminfotech.com/html-demo/fonts/fontawesome-webfont3e6e.ttf]
[induyst-demo.pbminfotech.com/html-demo/css/fontawesome.css]
[induyst-demo.pbminfotech.com/html-demo/fonts/fontawesome-webfont3e6e.svg]
[induyst-demo.pbminfotech.com/html-demo/fonts/pbmit-induyst-icon/pbmit_induyst276a.woff2]
[induyst-demo.pbminfotech.com/html-demo/fonts/pbmit-induyst-icon/pbmit_induyst276a.woff]
[induyst-demo.pbminfotech.com/html-demo/fonts/pbmit-induyst-icon/pbmit_induyst276a.eot]
[induyst-demo.pbminfotech.com/html-demo/fonts/pbmit-induyst-icon/pbmit_induyst276a.ttf]
[induyst-demo.pbminfotech.com/html-demo/fonts/pbmit-induyst-icon/pbmit_induyst.css]
[induyst-demo.pbminfotech.com/html-demo/fonts/pbmit-induyst-icon/pbmit_induyst276a.svg]
[induyst-demo.pbminfotech.com/html-demo/fonts/pbminfotech-base-icons18ad.eot]
[induyst-demo.pbminfotech.com/html-demo/fonts/pbminfotech-base-icons18ad.woff2]
[induyst-demo.pbminfotech.com/html-demo/fonts/pbminfotech-base-icons18ad.woff]
[induyst-demo.pbminfotech.com/html-demo/fonts/pbminfotech-base-icons18ad.ttf]
[induyst-demo.pbminfotech.com/html-demo/css/pbminfotech-base-icons.css]
[induyst-demo.pbminfotech.com/html-demo/fonts/pbminfotech-base-icons18ad.svg]
[induyst-demo.pbminfotech.com/html-demo/fonts/themify9f24.eot]
[induyst-demo.pbminfotech.com/html-demo/fonts/themifyd41d.eot]
[induyst-demo.pbminfotech.com/html-demo/fonts/themify9f24.woff]
[induyst-demo.pbminfotech.com/html-demo/fonts/themify9f24.ttf]
[induyst-demo.pbminfotech.com/html-demo/css/themify-icons.css]
[induyst-demo.pbminfotech.com/html-demo/css/swiper.min.css]
[induyst-demo.pbminfotech.com/html-demo/css/magnific-popup.css]
[induyst-demo.pbminfotech.com/html-demo/css/aos.css]
[induyst-demo.pbminfotech.com/html-demo/fonts/themify9f24.svg]
[induyst-demo.pbminfotech.com/html-demo/images/bg/footer-bg.webp]
[induyst-demo.pbminfotech.com/html-demo/images/bg/titlebar-bg.jpg]
[induyst-demo.pbminfotech.com/html-demo/css/shortcode.css]
[induyst-demo.pbminfotech.com/html-demo/images/bg/down-arrow.png]
[induyst-demo.pbminfotech.com/html-demo/css/base.css]
[induyst-demo.pbminfotech.com/html-demo/images/homepage-1/bg/pattern-img.png]
[induyst-demo.pbminfotech.com/html-demo/images/homepage-1/bg/about-img.jpg]
[induyst-demo.pbminfotech.com/html-demo/images/homepage-1/bg/pricing-img.png]
[induyst-demo.pbminfotech.com/html-demo/images/homepage-1/bg/dot-map.png]
[induyst-demo.pbminfotech.com/html-demo/images/homepage-1/bg/play-bg.jpg]
[induyst-demo.pbminfotech.com/html-demo/images/homepage-1/bg/accordion-img.jpg]
[induyst-demo.pbminfotech.com/html-demo/images/homepage-2/about-img.jpg]
[induyst-demo.pbminfotech.com/html-demo/images/homepage-2/bg/pattern-bg.png]
[induyst-demo.pbminfotech.com/html-demo/images/homepage-2/factory-worker-img.jpg]
[induyst-demo.pbminfotech.com/html-demo/images/homepage-2/factory-img.png]
[induyst-demo.pbminfotech.com/html-demo/images/homepage-2/bg/chart-bg.png]
[induyst-demo.pbminfotech.com/html-demo/images/homepage-2/bg/play-bg.jpg]
[induyst-demo.pbminfotech.com/html-demo/images/homepage-2/bg/shape-img.png]
[induyst-demo.pbminfotech.com/html-demo/images/homepage-2/bg/team-button-bg.jpg]
[induyst-demo.pbminfotech.com/html-demo/images/homepage-2/bg/testimonial-bg.jpg]
[induyst-demo.pbminfotech.com/html-demo/images/service/service-single-02.jpg]
[induyst-demo.pbminfotech.com/html-demo/images/bg/author-box-bg.png]
[induyst-demo.pbminfotech.com/html-demo/images/bg/blog-ads-img.webp]
[induyst-demo.pbminfotech.com/html-demo/images/bg/team-contact-bg.png]
[induyst-demo.pbminfotech.com/html-demo/images/bg/contact-bg-img.png]
[induyst-demo.pbminfotech.com/html-demo/css/style.css]
[induyst-demo.pbminfotech.com/html-demo/css/responsive.css]
[induyst-demo.pbminfotech.com/html-demo/index-2.html]
[induyst-demo.pbminfotech.com/html-demo/images/logo-white.svg]
[induyst-demo.pbminfotech.com/html-demo/images/logo.svg]
[induyst-demo.pbminfotech.com/html-demo/images/client/client-05-hover.png]
[induyst-demo.pbminfotech.com/html-demo/images/client/client-05.png]
[induyst-demo.pbminfotech.com/html-demo/images/client/client-06-hover.png]
[induyst-demo.pbminfotech.com/html-demo/images/client/client-06.png]
[induyst-demo.pbminfotech.com/html-demo/contact-us.html]
[induyst-demo.pbminfotech.com/html-demo/js/jquery-validate/jquery.validate.min.js]
[induyst-demo.pbminfotech.com/html-demo/images/banner-slider-img/slider2-01.jpg]
[induyst-demo.pbminfotech.com/html-demo/images/banner-slider-img/slider2-02.jpg]
[induyst-demo.pbminfotech.com/html-demo/images/banner-slider-img/slider2-03.jpg]
[induyst-demo.pbminfotech.com/html-demo/images/homepage-2/service/service-img-01.jpg]
[induyst-demo.pbminfotech.com/html-demo/images/homepage-2/service/service-img-02.jpg]
[induyst-demo.pbminfotech.com/html-demo/images/homepage-2/service/service-img-03.jpg]
[induyst-demo.pbminfotech.com/html-demo/images/homepage-2/service/service-img-04.jpg]
[induyst-demo.pbminfotech.com/html-demo/images/homepage-2/service/service-img-05.jpg]
[induyst-demo.pbminfotech.com/html-demo/images/homepage-2/service/service-img-06.jpg]
[induyst-demo.pbminfotech.com/html-demo/images/homepage-2/map.png]
[induyst-demo.pbminfotech.com/html-demo/images/homepage-2/portfolio/portfolio-img-01.jpg]
[induyst-demo.pbminfotech.com/html-demo/images/homepage-2/portfolio/portfolio-img-02.jpg]
[induyst-demo.pbminfotech.com/html-demo/images/homepage-2/portfolio/portfolio-img-03.jpg]
[induyst-demo.pbminfotech.com/html-demo/images/homepage-2/portfolio/portfolio-img-04.jpg]
[induyst-demo.pbminfotech.com/html-demo/images/homepage-2/team/team-img-01.jpg]
[induyst-demo.pbminfotech.com/html-demo/images/homepage-2/team/team-img-02.jpg]
[induyst-demo.pbminfotech.com/html-demo/images/homepage-2/team/team-img-03.jpg]
[induyst-demo.pbminfotech.com/html-demo/images/homepage-2/team/team-img-04.jpg]
[induyst-demo.pbminfotech.com/html-demo/images/homepage-2/team/team-img-05.jpg]
[induyst-demo.pbminfotech.com/html-demo/images/homepage-2/team/team-img-06.jpg]
[induyst-demo.pbminfotech.com/html-demo/images/homepage-2/testimonial/testimonial-img-01.jpg]
[induyst-demo.pbminfotech.com/html-demo/images/homepage-2/testimonial/testimonial-img-02.jpg]
[induyst-demo.pbminfotech.com/html-demo/images/homepage-2/testimonial/testimonial-img-03.jpg]
[induyst-demo.pbminfotech.com/html-demo/images/homepage-2/testimonial/testimonial-img-04.jpg]
[induyst-demo.pbminfotech.com/html-demo/images/homepage-2/testimonial/testimonial-img-05.jpg]
[induyst-demo.pbminfotech.com/html-demo/images/homepage-2/testimonial/testimonial-img-06.jpg]
[induyst-demo.pbminfotech.com/html-demo/images/homepage-2/blog/blog-img-01.jpg]
[induyst-demo.pbminfotech.com/html-demo/images/homepage-2/blog/blog-img-02.jpg]
[induyst-demo.pbminfotech.com/html-demo/images/homepage-2/blog/blog-img-03.jpg]
[induyst-demo.pbminfotech.com/html-demo/images/homepage-2/blog/blog-img-04.jpg]
[induyst-demo.pbminfotech.com/html-demo/images/homepage-2/blog/blog-img-05.jpg]
[induyst-demo.pbminfotech.com/html-demo/images/homepage-2/blog/blog-img-06.jpg]
[induyst-demo.pbminfotech.com/html-demo/js/masonry.pkgd.min.js]
[induyst-demo.pbminfotech.com/html-demo/js/isotope.pkgd.min.js]
[induyst-demo.pbminfotech.com/html-demo/homepage-2.html]
[induyst-demo.pbminfotech.com/html-demo/about-us.html]
[induyst-demo.pbminfotech.com/html-demo/images/history/history-01.jpg]
[induyst-demo.pbminfotech.com/html-demo/js/chart.js]
[induyst-demo.pbminfotech.com/html-demo/images/history/history-02.jpg]
[induyst-demo.pbminfotech.com/html-demo/images/history/history-03.jpg]
[induyst-demo.pbminfotech.com/html-demo/images/history/history-04.jpg]
[induyst-demo.pbminfotech.com/html-demo/our-history.html]
[induyst-demo.pbminfotech.com/html-demo/images/team/team-img-01.jpg]
[induyst-demo.pbminfotech.com/html-demo/images/team/team-img-02.jpg]
[induyst-demo.pbminfotech.com/html-demo/images/team/team-img-03.jpg]
[induyst-demo.pbminfotech.com/html-demo/images/team/team-img-04.jpg]
[induyst-demo.pbminfotech.com/html-demo/images/team/team-img-05.jpg]
[induyst-demo.pbminfotech.com/html-demo/images/team/team-img-06.jpg]
[induyst-demo.pbminfotech.com/html-demo/images/team/team-img-07.jpg]
[induyst-demo.pbminfotech.com/html-demo/our-team.html]
[induyst-demo.pbminfotech.com/html-demo/images/team/team-single-01.jpg]
[induyst-demo.pbminfotech.com/html-demo/team-member-detail.html]
[induyst-demo.pbminfotech.com/html-demo/faq.html]
[induyst-demo.pbminfotech.com/html-demo/images/service/service-01.jpg]
[induyst-demo.pbminfotech.com/html-demo/images/service/service-02.jpg]
[induyst-demo.pbminfotech.com/html-demo/images/service/service-03.jpg]
[induyst-demo.pbminfotech.com/html-demo/service-details.html.svg]
[induyst-demo.pbminfotech.com/html-demo/images/service/service-04.jpg]
[induyst-demo.pbminfotech.com/html-demo/images/service/service-05.jpg]
[induyst-demo.pbminfotech.com/html-demo/images/service/service-06.jpg]
[induyst-demo.pbminfotech.com/html-demo/images/service/service-07.jpg]
[induyst-demo.pbminfotech.com/html-demo/images/service/service-08.jpg]
[induyst-demo.pbminfotech.com/html-demo/images/service/service-09.jpg]
[induyst-demo.pbminfotech.com/html-demo/services.html]
[induyst-demo.pbminfotech.com/html-demo/js/circle-progress.min.js]
[induyst-demo.pbminfotech.com/html-demo/images/service/service-single-01.jpg]
[induyst-demo.pbminfotech.com/html-demo/service-details.html]
[induyst-demo.pbminfotech.com/html-demo/images/portfolio/portfolio-img-01.jpg]
[induyst-demo.pbminfotech.com/html-demo/images/portfolio/portfolio-img-02.jpg]
[induyst-demo.pbminfotech.com/html-demo/images/portfolio/portfolio-img-03.jpg]
[induyst-demo.pbminfotech.com/html-demo/images/portfolio/portfolio-img-04.jpg]
[induyst-demo.pbminfotech.com/html-demo/images/portfolio/portfolio-img-05.jpg]
[induyst-demo.pbminfotech.com/html-demo/images/portfolio/portfolio-img-06.jpg]
[induyst-demo.pbminfotech.com/html-demo/portfolio-m-grid-col-2.html]
[induyst-demo.pbminfotech.com/html-demo/portfolio-m-grid-col-3.html]
[induyst-demo.pbminfotech.com/html-demo/images/portfolio/portfolio-img-07.jpg]
[induyst-demo.pbminfotech.com/html-demo/images/portfolio/portfolio-img-08.jpg]
[induyst-demo.pbminfotech.com/html-demo/portfolio-m-grid-col-4.html]
[induyst-demo.pbminfotech.com/html-demo/portfolio-m-grid-wide.html]
[induyst-demo.pbminfotech.com/html-demo/images/portfolio/portfolio-01.jpg]
[induyst-demo.pbminfotech.com/html-demo/images/portfolio/portfolio-02.jpg]
[induyst-demo.pbminfotech.com/html-demo/images/portfolio/portfolio-03.jpg]
[induyst-demo.pbminfotech.com/html-demo/images/portfolio/portfolio-04.jpg]
[induyst-demo.pbminfotech.com/html-demo/images/portfolio/portfolio-05.jpg]
[induyst-demo.pbminfotech.com/html-demo/images/portfolio/portfolio-06.jpg]
[induyst-demo.pbminfotech.com/html-demo/portfolio-grid-col-2.html]
[induyst-demo.pbminfotech.com/html-demo/portfolio-grid-col-3.html]
[induyst-demo.pbminfotech.com/html-demo/images/portfolio/portfolio-07.jpg]
[induyst-demo.pbminfotech.com/html-demo/images/portfolio/portfolio-08.jpg]
[induyst-demo.pbminfotech.com/html-demo/portfolio-grid-col-4.html]
[induyst-demo.pbminfotech.com/html-demo/portfolio-grid-no-gap.html]
[induyst-demo.pbminfotech.com/html-demo/portfolio-sortable-grid-col-2.html]
[induyst-demo.pbminfotech.com/html-demo/portfolio-sortable-grid-col-3.html]
[induyst-demo.pbminfotech.com/html-demo/portfolio-sortable-grid-col-4.html]
[induyst-demo.pbminfotech.com/html-demo/images/portfolio/portfolio-single-01.webp]
[induyst-demo.pbminfotech.com/html-demo/images/portfolio/portfolio-detail-01.jpg]
[induyst-demo.pbminfotech.com/html-demo/images/portfolio/portfolio-detail-02.jpg]
[induyst-demo.pbminfotech.com/html-demo/portfolio-detail-style-01.html]
[induyst-demo.pbminfotech.com/html-demo/images/portfolio/portfolio-single-02.webp]
[induyst-demo.pbminfotech.com/html-demo/images/portfolio/portfolio-detail-01s.jpg]
[induyst-demo.pbminfotech.com/html-demo/images/portfolio/portfolio-detail-02s.jpg]
[induyst-demo.pbminfotech.com/html-demo/portfolio-detail-style-02.html]
[induyst-demo.pbminfotech.com/html-demo/images/blog/blog-img-01.jpg]
[induyst-demo.pbminfotech.com/html-demo/images/blog/blog-img-02.jpg]
[induyst-demo.pbminfotech.com/html-demo/images/blog/blog-img-03.jpg]
[induyst-demo.pbminfotech.com/html-demo/images/blog/blog-img-04.jpg]
[induyst-demo.pbminfotech.com/html-demo/images/blog/blog-img-05.jpg]
[induyst-demo.pbminfotech.com/html-demo/images/blog/blog-img-06.jpg]
[induyst-demo.pbminfotech.com/html-demo/blog-m-grid-col-2.html]
[induyst-demo.pbminfotech.com/html-demo/blog-m-grid-col-3.html]
[induyst-demo.pbminfotech.com/html-demo/images/blog/blog-img-07.jpg]
[induyst-demo.pbminfotech.com/html-demo/images/blog/blog-img-08.jpg]
[induyst-demo.pbminfotech.com/html-demo/blog-m-grid-col-4.html]
[induyst-demo.pbminfotech.com/html-demo/blog-masonry-wide.html]
[induyst-demo.pbminfotech.com/html-demo/images/blog/blog-01.jpg]
[induyst-demo.pbminfotech.com/html-demo/images/blog/blog-02.jpg]
[induyst-demo.pbminfotech.com/html-demo/images/blog/blog-03.jpg]
[induyst-demo.pbminfotech.com/html-demo/images/blog/blog-04.jpg]
[induyst-demo.pbminfotech.com/html-demo/images/blog/blog-05.jpg]
[induyst-demo.pbminfotech.com/html-demo/images/blog/blog-06.jpg]
[induyst-demo.pbminfotech.com/html-demo/blog-grid-col-3.html]
[induyst-demo.pbminfotech.com/html-demo/images/blog/blog-07.jpg]
[induyst-demo.pbminfotech.com/html-demo/images/blog/blog-08.jpg]
[induyst-demo.pbminfotech.com/html-demo/blog-grid-col-4.html]
[induyst-demo.pbminfotech.com/html-demo/blog-sortable-grid-view.html]
[induyst-demo.pbminfotech.com/html-demo/css/flaticon.css]
[induyst-demo.pbminfotech.com/html-demo/images/blog/blog-01b.jpg]
[induyst-demo.pbminfotech.com/html-demo/images/blog/blog-02b.jpg]
[induyst-demo.pbminfotech.com/html-demo/images/blog/blog-03b.jpg]
[induyst-demo.pbminfotech.com/html-demo/images/blog/blog-04b.jpg]
[induyst-demo.pbminfotech.com/html-demo/images/blog/blog-05b.jpg]
[induyst-demo.pbminfotech.com/html-demo/images/blog/blog-06b.jpg]
[induyst-demo.pbminfotech.com/html-demo/images/blog/blog-07b.jpg]
[induyst-demo.pbminfotech.com/html-demo/images/blog/blog-08b.jpg]
[induyst-demo.pbminfotech.com/html-demo/images/blog/blog-09b.jpg]
[induyst-demo.pbminfotech.com/html-demo/images/author-img.webp]
[induyst-demo.pbminfotech.com/html-demo/images/recent-post/blog-img-01.webp]
[induyst-demo.pbminfotech.com/html-demo/images/recent-post/blog-img-02.webp]
[induyst-demo.pbminfotech.com/html-demo/images/recent-post/blog-img-03.webp]
[induyst-demo.pbminfotech.com/html-demo/blog-classic.html]
[induyst-demo.pbminfotech.com/html-demo/images/blog/blog-single-img-01.webp]
[induyst-demo.pbminfotech.com/html-demo/images/blog/blog-single-img-02.webp]
[induyst-demo.pbminfotech.com/html-demo/images/author-img.png]
[induyst-demo.pbminfotech.com/html-demo/images/avtar/img-01.jpg]
[induyst-demo.pbminfotech.com/html-demo/images/avtar/img-02.jpg]
[induyst-demo.pbminfotech.com/html-demo/blog-single-details.html]
[induyst-demo.pbminfotech.com/html-demo/fonts/fontawesome-webfont3e6e.svg]
[induyst-demo.pbminfotech.com/html-demo/fonts/pbmit-induyst-icon/pbmit_induyst276a.svg]
[induyst-demo.pbminfotech.com/html-demo/fonts/pbminfotech-base-icons18ad.svg]
[induyst-demo.pbminfotech.com/html-demo/fonts/themify9f24.svg]
[induyst-demo.pbminfotech.com/html-demo/images/bg/down-arrow.html]
[induyst-demo.pbminfotech.com/html-demo/service-details.html.html]
[induyst-demo.pbminfotech.com/html-demo/fonts/flaticon9785.woff2]
[induyst-demo.pbminfotech.com/html-demo/fonts/flaticon9785.woff]
[induyst-demo.pbminfotech.com/html-demo/fonts/flaticon.1069785.delayed]
[induyst-demo.pbminfotech.com/html-demo/fonts/flaticon.1079785.delayed]
[induyst-demo.pbminfotech.com/html-demo/fonts/flaticon.1089785.delayed]
[induyst-demo.pbminfotech.com/html-demo/css/flaticon.css]
[induyst-demo.pbminfotech.com/html-demo/fonts/flaticon9785.html]
[induyst-demo.pbminfotech.com/html-demo/fonts/flaticon9785-2.html]
[induyst-demo.pbminfotech.com/html-demo/fonts/flaticon9785-3.html]
[induyst-demo.pbminfotech.com/html-demo/fonts/flaticon9785-4.html]
[induyst-demo.pbminfotech.com/html-demo/fonts/flaticon9785-5.html]
